{"version":3,"sources":["helloworld.js.em"],"names":["Hello","x"],"mappings":"AAAA;A;;;EAAMA,KAAN,G,oBACG,CAAA;AAAA,I,OAAA,E;iBACE,CAAA,IAAA,E,OAAA,CAAA,CAAA,CAAA,C,IAAS,CAAA,IAAA,E,OAAA,C;eADF,C,OAAA,E,OAAA,CAAT;AAAA,EAAA,C;EAICC,CAAA,GAAI,SAAA,CAAA,CAAA,C;WACL,O;;EACDA,CAAA,CAAA,C"}